=== 05:01:53 training C2 seed1 (EfficientNet-B0) ===
  [warmup] ep001 ce=2.5697 struct=0.0000 valF1=0.3853 202.2s
  [warmup] ep002 ce=2.0647 struct=0.0000 valF1=0.4328 155.0s
  [warmup] ep003 ce=1.8935 struct=0.0000 valF1=0.4592 152.2s
  [warmup] ep004 ce=1.8053 struct=0.0000 valF1=0.4599 152.3s
  [warmup] ep005 ce=1.7161 struct=0.0000 valF1=0.4656 152.3s
  [warmup] ep006 ce=1.6873 struct=0.0000 valF1=0.4755 152.1s
  [warmup] ep007 ce=1.6532 struct=0.0000 valF1=0.5078 151.9s
  [warmup] ep008 ce=1.6232 struct=0.0000 valF1=0.5024 152.0s
  [warmup] ep009 ce=1.5941 struct=0.0000 valF1=0.5327 152.0s
  [warmup] ep010 ce=1.5819 struct=0.0000 valF1=0.5119 152.1s
  [finetune] ep001 ce=1.2751 struct=0.0000 valF1=0.6736 229.6s
  [finetune] ep002 ce=0.9435 struct=0.0000 valF1=0.7112 207.3s
  [finetune] ep003 ce=0.7834 struct=0.0000 valF1=0.7278 207.1s
  [finetune] ep004 ce=0.6977 struct=0.0000 valF1=0.7393 206.8s
  [finetune] ep005 ce=0.6236 struct=0.0000 valF1=0.7477 207.0s
  [finetune] ep006 ce=0.5741 struct=0.0000 valF1=0.7629 207.1s
  [finetune] ep007 ce=0.5241 struct=0.0000 valF1=0.7596 207.0s
  [finetune] ep008 ce=0.4752 struct=0.0000 valF1=0.7636 207.1s
  [finetune] ep009 ce=0.4509 struct=0.0000 valF1=0.7615 207.3s
  [finetune] ep010 ce=0.4297 struct=0.0000 valF1=0.7616 207.0s
  [finetune] ep011 ce=0.4123 struct=0.0000 valF1=0.7633 207.1s
  [finetune] ep012 ce=0.3900 struct=0.0000 valF1=0.7652 207.1s
  [finetune] ep013 ce=0.3759 struct=0.0000 valF1=0.7636 206.8s
  [finetune] ep014 ce=0.3635 struct=0.0000 valF1=0.7541 207.1s
  [finetune] ep015 ce=0.3482 struct=0.0000 valF1=0.7542 206.9s
  [finetune] ep016 ce=0.3417 struct=0.0000 valF1=0.7664 207.1s
  [finetune] ep017 ce=0.3335 struct=0.0000 valF1=0.7632 207.0s
  [finetune] ep018 ce=0.3264 struct=0.0000 valF1=0.7763 206.8s
  [finetune] ep019 ce=0.3131 struct=0.0000 valF1=0.7737 206.9s
  [finetune] ep020 ce=0.3097 struct=0.0000 valF1=0.7663 207.2s
  [finetune] ep021 ce=0.3011 struct=0.0000 valF1=0.7686 207.1s
  [finetune] ep022 ce=0.3008 struct=0.0000 valF1=0.7722 207.3s
  [finetune] ep023 ce=0.2982 struct=0.0000 valF1=0.7774 207.1s
  [finetune] ep024 ce=0.2924 struct=0.0000 valF1=0.7800 207.0s
  [finetune] ep025 ce=0.2905 struct=0.0000 valF1=0.7741 207.1s
  [finetune] ep026 ce=0.2861 struct=0.0000 valF1=0.7719 207.3s
  [finetune] ep027 ce=0.2886 struct=0.0000 valF1=0.7679 207.1s
  [finetune] ep028 ce=0.2827 struct=0.0000 valF1=0.7763 207.1s
  [finetune] ep029 ce=0.2792 struct=0.0000 valF1=0.7817 207.1s
  [finetune] ep030 ce=0.2763 struct=0.0000 valF1=0.7736 207.3s
  [finetune] ep031 ce=0.2712 struct=0.0000 valF1=0.7834 207.1s
  [finetune] ep032 ce=0.2734 struct=0.0000 valF1=0.7776 207.4s
  [finetune] ep033 ce=0.2772 struct=0.0000 valF1=0.7704 206.9s
  [finetune] ep034 ce=0.2783 struct=0.0000 valF1=0.7747 207.1s
C2_b0_seed1: best val macro F1 = 0.7834 at epoch 41 (epoch_cap), 8640.5s
=== 07:26:03 training C3 seed1 (EfficientNet-B0) ===
  [warmup] ep001 ce=2.6308 struct=0.0000 valF1=0.3648 194.4s
  [warmup] ep002 ce=2.1822 struct=0.0000 valF1=0.4262 148.6s
  [warmup] ep003 ce=2.0356 struct=0.0000 valF1=0.4541 148.6s
  [warmup] ep004 ce=1.9601 struct=0.0000 valF1=0.4599 148.5s
  [warmup] ep005 ce=1.8854 struct=0.0000 valF1=0.4665 148.6s
  [warmup] ep006 ce=1.8630 struct=0.0000 valF1=0.4760 148.6s
  [warmup] ep007 ce=1.8307 struct=0.0000 valF1=0.5047 148.5s
  [warmup] ep008 ce=1.8060 struct=0.0000 valF1=0.5037 148.8s
  [warmup] ep009 ce=1.7789 struct=0.0000 valF1=0.5282 148.7s
  [warmup] ep010 ce=1.7716 struct=0.0000 valF1=0.5084 148.8s
  [finetune] ep001 ce=1.5269 struct=0.0000 valF1=0.6672 226.9s
  [finetune] ep002 ce=1.2474 struct=0.0000 valF1=0.7081 204.1s
  [finetune] ep003 ce=1.0983 struct=0.0000 valF1=0.7138 203.9s
  [finetune] ep004 ce=1.0112 struct=0.0000 valF1=0.7326 203.9s
  [finetune] ep005 ce=0.9392 struct=0.0000 valF1=0.7430 204.1s
  [finetune] ep006 ce=0.8870 struct=0.0000 valF1=0.7431 204.1s
  [finetune] ep007 ce=0.8334 struct=0.0000 valF1=0.7486 203.9s
  [finetune] ep008 ce=0.7872 struct=0.0000 valF1=0.7553 204.0s
  [finetune] ep009 ce=0.7601 struct=0.0000 valF1=0.7629 203.7s
  [finetune] ep010 ce=0.7346 struct=0.0000 valF1=0.7610 203.8s
  [finetune] ep011 ce=0.7158 struct=0.0000 valF1=0.7532 203.9s
  [finetune] ep012 ce=0.7002 struct=0.0000 valF1=0.7598 203.7s
  [finetune] ep013 ce=0.6819 struct=0.0000 valF1=0.7651 203.7s
  [finetune] ep014 ce=0.6686 struct=0.0000 valF1=0.7661 203.9s
  [finetune] ep015 ce=0.6534 struct=0.0000 valF1=0.7544 203.7s
  [finetune] ep016 ce=0.6477 struct=0.0000 valF1=0.7642 204.0s
  [finetune] ep017 ce=0.6447 struct=0.0000 valF1=0.7553 203.9s
  [finetune] ep018 ce=0.6278 struct=0.0000 valF1=0.7693 203.8s
  [finetune] ep019 ce=0.6211 struct=0.0000 valF1=0.7555 203.7s
  [finetune] ep020 ce=0.6199 struct=0.0000 valF1=0.7631 203.9s
  [finetune] ep021 ce=0.6121 struct=0.0000 valF1=0.7730 203.8s
  [finetune] ep022 ce=0.6067 struct=0.0000 valF1=0.7640 203.9s
  [finetune] ep023 ce=0.6073 struct=0.0000 valF1=0.7726 203.7s
  [finetune] ep024 ce=0.6021 struct=0.0000 valF1=0.7694 203.7s
  [finetune] ep025 ce=0.5988 struct=0.0000 valF1=0.7718 204.8s
  [finetune] ep026 ce=0.5961 struct=0.0000 valF1=0.7699 208.1s
  [finetune] ep027 ce=0.5982 struct=0.0000 valF1=0.7674 207.4s
  [finetune] ep028 ce=0.5944 struct=0.0000 valF1=0.7706 206.7s
  [finetune] ep029 ce=0.5912 struct=0.0000 valF1=0.7629 206.7s
  [finetune] ep030 ce=0.5873 struct=0.0000 valF1=0.7615 206.7s
  [finetune] ep031 ce=0.5889 struct=0.0000 valF1=0.7678 206.4s
  [finetune] early stop at ep31
C3_b0_seed1: best val macro F1 = 0.7730 at epoch 31 (early_stopping), 7897.7s
=== 09:38:18 training C1 seed1 (EfficientNet-B0) ===
  [warmup] ep001 ce=2.5659 struct=0.0000 valF1=0.3667 196.3s
  [warmup] ep002 ce=2.0368 struct=0.0000 valF1=0.4255 151.0s
  [warmup] ep003 ce=1.8522 struct=0.0000 valF1=0.4541 150.7s
  [warmup] ep004 ce=1.7549 struct=0.0000 valF1=0.4568 150.7s
  [warmup] ep005 ce=1.6594 struct=0.0000 valF1=0.4620 150.6s
  [warmup] ep006 ce=1.6265 struct=0.0000 valF1=0.4663 150.7s
  [warmup] ep007 ce=1.5841 struct=0.0000 valF1=0.5022 150.7s
  [warmup] ep008 ce=1.5514 struct=0.0000 valF1=0.4976 153.9s
  [warmup] ep009 ce=1.5148 struct=0.0000 valF1=0.5224 163.0s
  [warmup] ep010 ce=1.5024 struct=0.0000 valF1=0.5087 163.1s
  [finetune] ep001 ce=1.1779 struct=0.0000 valF1=0.6787 241.7s
  [finetune] ep002 ce=0.8123 struct=0.0000 valF1=0.7141 216.2s
  [finetune] ep003 ce=0.6228 struct=0.0000 valF1=0.7245 207.8s
  [finetune] ep004 ce=0.5146 struct=0.0000 valF1=0.7312 215.0s
  [finetune] ep005 ce=0.4250 struct=0.0000 valF1=0.7483 206.6s
  [finetune] ep006 ce=0.3593 struct=0.0000 valF1=0.7488 206.8s
  [finetune] ep007 ce=0.2984 struct=0.0000 valF1=0.7480 206.6s
  [finetune] ep008 ce=0.2438 struct=0.0000 valF1=0.7590 206.6s
  [finetune] ep009 ce=0.2152 struct=0.0000 valF1=0.7688 206.4s
  [finetune] ep010 ce=0.1904 struct=0.0000 valF1=0.7623 206.8s
  [finetune] ep011 ce=0.1674 struct=0.0000 valF1=0.7590 206.6s
  [finetune] ep012 ce=0.1506 struct=0.0000 valF1=0.7673 206.6s
  [finetune] ep013 ce=0.1301 struct=0.0000 valF1=0.7632 206.6s
  [finetune] ep014 ce=0.1188 struct=0.0000 valF1=0.7671 206.5s
  [finetune] ep015 ce=0.0982 struct=0.0000 valF1=0.7703 206.5s
  [finetune] ep016 ce=0.0941 struct=0.0000 valF1=0.7706 206.7s
  [finetune] ep017 ce=0.0904 struct=0.0000 valF1=0.7691 206.6s
  [finetune] ep018 ce=0.0763 struct=0.0000 valF1=0.7757 206.6s
  [finetune] ep019 ce=0.0700 struct=0.0000 valF1=0.7701 206.6s
  [finetune] ep020 ce=0.0687 struct=0.0000 valF1=0.7629 206.6s
  [finetune] ep021 ce=0.0621 struct=0.0000 valF1=0.7684 206.4s
  [finetune] ep022 ce=0.0563 struct=0.0000 valF1=0.7666 206.6s
  [finetune] ep023 ce=0.0583 struct=0.0000 valF1=0.7683 206.5s
  [finetune] ep024 ce=0.0529 struct=0.0000 valF1=0.7718 207.7s
  [finetune] ep025 ce=0.0496 struct=0.0000 valF1=0.7736 206.5s
  [finetune] ep026 ce=0.0487 struct=0.0000 valF1=0.7747 206.7s
  [finetune] ep027 ce=0.0514 struct=0.0000 valF1=0.7726 211.1s
  [finetune] ep028 ce=0.0454 struct=0.0000 valF1=0.7667 208.4s
  [finetune] early stop at ep28
C1_b0_seed1: best val macro F1 = 0.7757 at epoch 28 (early_stopping), 7429.6s
=== 11:42:16 training C2 seed2 (EfficientNet-B0) ===
  [warmup] ep001 ce=2.5663 struct=0.0000 valF1=0.3974 197.4s
  [warmup] ep002 ce=2.0635 struct=0.0000 valF1=0.4343 150.9s
  [warmup] ep003 ce=1.8840 struct=0.0000 valF1=0.4661 151.0s
  [warmup] ep004 ce=1.7752 struct=0.0000 valF1=0.4694 151.0s
  [warmup] ep005 ce=1.7321 struct=0.0000 valF1=0.4778 157.8s
  [warmup] ep006 ce=1.6910 struct=0.0000 valF1=0.4915 162.6s
  [warmup] ep007 ce=1.6579 struct=0.0000 valF1=0.4975 162.3s
  [warmup] ep008 ce=1.6280 struct=0.0000 valF1=0.5218 157.0s
  [warmup] ep009 ce=1.6079 struct=0.0000 valF1=0.5283 158.2s
  [warmup] ep010 ce=1.5714 struct=0.0000 valF1=0.5203 150.9s
  [finetune] ep001 ce=1.2622 struct=0.0000 valF1=0.6617 231.8s
  [finetune] ep002 ce=0.9508 struct=0.0000 valF1=0.7100 207.0s
  [finetune] ep003 ce=0.7949 struct=0.0000 valF1=0.7508 206.7s
  [finetune] ep004 ce=0.6874 struct=0.0000 valF1=0.7344 206.9s
  [finetune] ep005 ce=0.6199 struct=0.0000 valF1=0.7389 206.7s
  [finetune] ep006 ce=0.5661 struct=0.0000 valF1=0.7487 206.9s
  [finetune] ep007 ce=0.5314 struct=0.0000 valF1=0.7579 206.6s
  [finetune] ep008 ce=0.4788 struct=0.0000 valF1=0.7587 206.8s
  [finetune] ep009 ce=0.4577 struct=0.0000 valF1=0.7455 206.6s
  [finetune] ep010 ce=0.4370 struct=0.0000 valF1=0.7544 206.7s
  [finetune] ep011 ce=0.4054 struct=0.0000 valF1=0.7546 207.0s
  [finetune] ep012 ce=0.3976 struct=0.0000 valF1=0.7586 206.8s
  [finetune] ep013 ce=0.3804 struct=0.0000 valF1=0.7584 206.6s
  [finetune] ep014 ce=0.3626 struct=0.0000 valF1=0.7671 206.7s
  [finetune] ep015 ce=0.3525 struct=0.0000 valF1=0.7679 206.6s
  [finetune] ep016 ce=0.3438 struct=0.0000 valF1=0.7647 206.8s
  [finetune] ep017 ce=0.3315 struct=0.0000 valF1=0.7733 206.7s
  [finetune] ep018 ce=0.3215 struct=0.0000 valF1=0.7772 206.9s
  [finetune] ep019 ce=0.3172 struct=0.0000 valF1=0.7722 206.7s
  [finetune] ep020 ce=0.3122 struct=0.0000 valF1=0.7733 206.9s
  [finetune] ep021 ce=0.3073 struct=0.0000 valF1=0.7740 206.7s
  [finetune] ep022 ce=0.2998 struct=0.0000 valF1=0.7690 206.8s
  [finetune] ep023 ce=0.2951 struct=0.0000 valF1=0.7726 206.8s
  [finetune] ep024 ce=0.2927 struct=0.0000 valF1=0.7731 206.9s
  [finetune] ep025 ce=0.2849 struct=0.0000 valF1=0.7719 206.7s
  [finetune] ep026 ce=0.2882 struct=0.0000 valF1=0.7694 206.9s
  [finetune] ep027 ce=0.2840 struct=0.0000 valF1=0.7777 206.6s
  [finetune] ep028 ce=0.2849 struct=0.0000 valF1=0.7722 206.9s
  [finetune] ep029 ce=0.2839 struct=0.0000 valF1=0.7768 206.7s
  [finetune] ep030 ce=0.2833 struct=0.0000 valF1=0.7864 206.9s
  [finetune] ep031 ce=0.2777 struct=0.0000 valF1=0.7811 206.7s
  [finetune] ep032 ce=0.2819 struct=0.0000 valF1=0.7825 207.0s
  [finetune] ep033 ce=0.2777 struct=0.0000 valF1=0.7670 206.9s
  [finetune] ep034 ce=0.2757 struct=0.0000 valF1=0.7791 207.0s
C2_b0_seed2: best val macro F1 = 0.7864 at epoch 40 (epoch_cap), 8657.8s
=== 14:06:43 training C3 seed2 (EfficientNet-B0) ===
  [warmup] ep001 ce=2.6307 struct=0.0000 valF1=0.3886 198.8s
  [warmup] ep002 ce=2.1836 struct=0.0000 valF1=0.4299 150.9s
  [warmup] ep003 ce=2.0266 struct=0.0000 valF1=0.4627 150.9s
  [warmup] ep004 ce=1.9332 struct=0.0000 valF1=0.4700 151.1s
  [warmup] ep005 ce=1.9005 struct=0.0000 valF1=0.4817 150.9s
  [warmup] ep006 ce=1.8593 struct=0.0000 valF1=0.4972 150.9s
  [warmup] ep007 ce=1.8323 struct=0.0000 valF1=0.4992 150.8s
  [warmup] ep008 ce=1.8125 struct=0.0000 valF1=0.5270 150.8s
  [warmup] ep009 ce=1.7912 struct=0.0000 valF1=0.5153 150.9s
  [warmup] ep010 ce=1.7559 struct=0.0000 valF1=0.5305 150.8s
  [finetune] ep001 ce=1.5161 struct=0.0000 valF1=0.6649 231.2s
  [finetune] ep002 ce=1.2564 struct=0.0000 valF1=0.7030 206.9s
  [finetune] ep003 ce=1.1111 struct=0.0000 valF1=0.7326 206.8s
  [finetune] ep004 ce=1.0103 struct=0.0000 valF1=0.7233 206.7s
  [finetune] ep005 ce=0.9358 struct=0.0000 valF1=0.7380 206.8s
  [finetune] ep006 ce=0.8801 struct=0.0000 valF1=0.7470 207.0s
  [finetune] ep007 ce=0.8437 struct=0.0000 valF1=0.7468 206.9s
  [finetune] ep008 ce=0.7916 struct=0.0000 valF1=0.7501 206.9s
  [finetune] ep009 ce=0.7654 struct=0.0000 valF1=0.7478 206.7s
  [finetune] ep010 ce=0.7464 struct=0.0000 valF1=0.7483 206.7s
  [finetune] ep011 ce=0.7122 struct=0.0000 valF1=0.7521 206.9s
  [finetune] ep012 ce=0.7007 struct=0.0000 valF1=0.7490 207.0s
  [finetune] ep013 ce=0.6861 struct=0.0000 valF1=0.7540 206.9s
  [finetune] ep014 ce=0.6719 struct=0.0000 valF1=0.7608 206.8s
  [finetune] ep015 ce=0.6572 struct=0.0000 valF1=0.7548 207.0s
  [finetune] ep016 ce=0.6453 struct=0.0000 valF1=0.7488 206.9s
  [finetune] ep017 ce=0.6378 struct=0.0000 valF1=0.7597 207.1s
  [finetune] ep018 ce=0.6275 struct=0.0000 valF1=0.7559 211.9s
  [finetune] ep019 ce=0.6264 struct=0.0000 valF1=0.7635 212.8s
  [finetune] ep020 ce=0.6202 struct=0.0000 valF1=0.7610 210.6s
  [finetune] ep021 ce=0.6155 struct=0.0000 valF1=0.7525 207.0s
  [finetune] ep022 ce=0.6080 struct=0.0000 valF1=0.7642 206.9s
  [finetune] ep023 ce=0.6038 struct=0.0000 valF1=0.7579 206.8s
  [finetune] ep024 ce=0.6005 struct=0.0000 valF1=0.7645 207.1s
  [finetune] ep025 ce=0.5982 struct=0.0000 valF1=0.7603 206.9s
  [finetune] ep026 ce=0.5964 struct=0.0000 valF1=0.7661 207.1s
  [finetune] ep027 ce=0.5950 struct=0.0000 valF1=0.7669 206.8s
  [finetune] ep028 ce=0.5952 struct=0.0000 valF1=0.7588 206.8s
  [finetune] ep029 ce=0.5951 struct=0.0000 valF1=0.7657 207.0s
  [finetune] ep030 ce=0.5932 struct=0.0000 valF1=0.7620 207.1s
  [finetune] ep031 ce=0.5879 struct=0.0000 valF1=0.7680 206.8s
  [finetune] ep032 ce=0.5898 struct=0.0000 valF1=0.7665 206.9s
  [finetune] ep033 ce=0.5913 struct=0.0000 valF1=0.7687 207.0s
  [finetune] ep034 ce=0.5880 struct=0.0000 valF1=0.7724 206.9s
C3_b0_seed2: best val macro F1 = 0.7724 at epoch 44 (epoch_cap), 8633.7s
=== 16:30:45 training C1 seed2 (EfficientNet-B0) ===
  [warmup] ep001 ce=2.5657 struct=0.0000 valF1=0.3881 202.0s
  [warmup] ep002 ce=2.0376 struct=0.0000 valF1=0.4293 155.1s
  [warmup] ep003 ce=1.8421 struct=0.0000 valF1=0.4636 155.1s
  [warmup] ep004 ce=1.7220 struct=0.0000 valF1=0.4692 155.1s
  [warmup] ep005 ce=1.6764 struct=0.0000 valF1=0.4799 155.1s
  [warmup] ep006 ce=1.6221 struct=0.0000 valF1=0.4866 155.2s
  [warmup] ep007 ce=1.5855 struct=0.0000 valF1=0.4883 155.0s
  [warmup] ep008 ce=1.5569 struct=0.0000 valF1=0.5182 155.0s
  [warmup] ep009 ce=1.5298 struct=0.0000 valF1=0.5169 155.0s
  [warmup] ep010 ce=1.4833 struct=0.0000 valF1=0.5242 155.0s
  [finetune] ep001 ce=1.1637 struct=0.0000 valF1=0.6625 237.4s
  [finetune] ep002 ce=0.8233 struct=0.0000 valF1=0.7017 213.7s
  [finetune] ep003 ce=0.6395 struct=0.0000 valF1=0.7428 213.9s
  [finetune] ep004 ce=0.5119 struct=0.0000 valF1=0.7308 213.2s
  [finetune] ep005 ce=0.4186 struct=0.0000 valF1=0.7468 213.6s
  [finetune] ep006 ce=0.3520 struct=0.0000 valF1=0.7492 213.6s
  [finetune] ep007 ce=0.3107 struct=0.0000 valF1=0.7491 213.5s
  [finetune] ep008 ce=0.2486 struct=0.0000 valF1=0.7501 213.5s
  [finetune] ep009 ce=0.2274 struct=0.0000 valF1=0.7428 213.8s
  [finetune] ep010 ce=0.2008 struct=0.0000 valF1=0.7565 213.4s
  [finetune] ep011 ce=0.1618 struct=0.0000 valF1=0.7464 213.7s
  [finetune] ep012 ce=0.1489 struct=0.0000 valF1=0.7504 213.6s
  [finetune] ep013 ce=0.1356 struct=0.0000 valF1=0.7474 213.5s
  [finetune] ep014 ce=0.1191 struct=0.0000 valF1=0.7636 213.6s
  [finetune] ep015 ce=0.1078 struct=0.0000 valF1=0.7645 213.9s
  [finetune] ep016 ce=0.0971 struct=0.0000 valF1=0.7530 213.3s
  [finetune] ep017 ce=0.0858 struct=0.0000 valF1=0.7617 213.8s
  [finetune] ep018 ce=0.0760 struct=0.0000 valF1=0.7636 213.8s
  [finetune] ep019 ce=0.0749 struct=0.0000 valF1=0.7591 213.6s
  [finetune] ep020 ce=0.0691 struct=0.0000 valF1=0.7643 213.6s
  [finetune] ep021 ce=0.0654 struct=0.0000 valF1=0.7602 213.9s
  [finetune] ep022 ce=0.0588 struct=0.0000 valF1=0.7736 213.5s
  [finetune] ep023 ce=0.0524 struct=0.0000 valF1=0.7634 216.2s
  [finetune] ep024 ce=0.0528 struct=0.0000 valF1=0.7689 217.1s
  [finetune] ep025 ce=0.0478 struct=0.0000 valF1=0.7718 215.8s
  [finetune] ep026 ce=0.0479 struct=0.0000 valF1=0.7642 218.6s
  [finetune] ep027 ce=0.0471 struct=0.0000 valF1=0.7595 222.1s
  [finetune] ep028 ce=0.0496 struct=0.0000 valF1=0.7633 220.8s
  [finetune] ep029 ce=0.0476 struct=0.0000 valF1=0.7712 214.2s
  [finetune] ep030 ce=0.0467 struct=0.0000 valF1=0.7664 213.7s
  [finetune] ep031 ce=0.0415 struct=0.0000 valF1=0.7682 213.7s
  [finetune] ep032 ce=0.0435 struct=0.0000 valF1=0.7686 213.7s
  [finetune] early stop at ep32
C1_b0_seed2: best val macro F1 = 0.7736 at epoch 32 (early_stopping), 8489.6s
=== 18:52:55 training C2 seed3 (EfficientNet-B0) ===
  [warmup] ep001 ce=2.5720 struct=0.0000 valF1=0.3977 203.8s
  [warmup] ep002 ce=2.0738 struct=0.0000 valF1=0.4362 152.2s
  [warmup] ep003 ce=1.8953 struct=0.0000 valF1=0.4653 152.2s
  [warmup] ep004 ce=1.7924 struct=0.0000 valF1=0.4768 152.2s
  [warmup] ep005 ce=1.7282 struct=0.0000 valF1=0.4916 152.5s
  [warmup] ep006 ce=1.7109 struct=0.0000 valF1=0.4929 152.2s
  [warmup] ep007 ce=1.6476 struct=0.0000 valF1=0.5105 152.3s
  [warmup] ep008 ce=1.6102 struct=0.0000 valF1=0.5065 152.2s
  [warmup] ep009 ce=1.6009 struct=0.0000 valF1=0.5157 152.3s
  [warmup] ep010 ce=1.5848 struct=0.0000 valF1=0.4960 152.3s
  [finetune] ep001 ce=1.2930 struct=0.0000 valF1=0.6612 233.8s
  [finetune] ep002 ce=0.9381 struct=0.0000 valF1=0.7157 209.2s
  [finetune] ep003 ce=0.7990 struct=0.0000 valF1=0.7395 209.1s
  [finetune] ep004 ce=0.6974 struct=0.0000 valF1=0.7355 209.5s
  [finetune] ep005 ce=0.6225 struct=0.0000 valF1=0.7612 210.4s
  [finetune] ep006 ce=0.5701 struct=0.0000 valF1=0.7518 213.2s
  [finetune] ep007 ce=0.5187 struct=0.0000 valF1=0.7605 219.0s
  [finetune] ep008 ce=0.4816 struct=0.0000 valF1=0.7640 214.9s
  [finetune] ep009 ce=0.4469 struct=0.0000 valF1=0.7658 211.2s
  [finetune] ep010 ce=0.4354 struct=0.0000 valF1=0.7687 214.2s
  [finetune] ep011 ce=0.4101 struct=0.0000 valF1=0.7674 210.5s
  [finetune] ep012 ce=0.3953 struct=0.0000 valF1=0.7692 219.0s
  [finetune] ep013 ce=0.3767 struct=0.0000 valF1=0.7735 217.4s
  [finetune] ep014 ce=0.3669 struct=0.0000 valF1=0.7780 209.8s
  [finetune] ep015 ce=0.3525 struct=0.0000 valF1=0.7668 209.0s
  [finetune] ep016 ce=0.3421 struct=0.0000 valF1=0.7695 209.4s
  [finetune] ep017 ce=0.3360 struct=0.0000 valF1=0.7753 208.9s
  [finetune] ep018 ce=0.3241 struct=0.0000 valF1=0.7658 209.7s
  [finetune] ep019 ce=0.3207 struct=0.0000 valF1=0.7688 208.7s
  [finetune] ep020 ce=0.3162 struct=0.0000 valF1=0.7714 208.8s
  [finetune] ep021 ce=0.3045 struct=0.0000 valF1=0.7687 208.4s
  [finetune] ep022 ce=0.3056 struct=0.0000 valF1=0.7660 208.9s
  [finetune] ep023 ce=0.2976 struct=0.0000 valF1=0.7658 208.6s
  [finetune] ep024 ce=0.2947 struct=0.0000 valF1=0.7670 208.6s
  [finetune] early stop at ep24
C2_b0_seed3: best val macro F1 = 0.7780 at epoch 24 (early_stopping), 6667.0s
=== 20:44:45 training C3 seed3 (EfficientNet-B0) ===
  [warmup] ep001 ce=2.6353 struct=0.0000 valF1=0.3982 204.4s
  [warmup] ep002 ce=2.1920 struct=0.0000 valF1=0.4406 157.7s
  [warmup] ep003 ce=2.0366 struct=0.0000 valF1=0.4705 157.6s
  [warmup] ep004 ce=1.9455 struct=0.0000 valF1=0.4858 157.6s
  [warmup] ep005 ce=1.8960 struct=0.0000 valF1=0.4947 157.6s
  [warmup] ep006 ce=1.8807 struct=0.0000 valF1=0.4889 157.6s
  [warmup] ep007 ce=1.8260 struct=0.0000 valF1=0.5135 157.7s
  [warmup] ep008 ce=1.7935 struct=0.0000 valF1=0.5033 157.8s
  [warmup] ep009 ce=1.7865 struct=0.0000 valF1=0.5173 157.6s
  [warmup] ep010 ce=1.7726 struct=0.0000 valF1=0.5150 157.6s
  [finetune] ep001 ce=1.5481 struct=0.0000 valF1=0.6604 240.6s
  [finetune] ep002 ce=1.2435 struct=0.0000 valF1=0.7003 213.7s
  [finetune] ep003 ce=1.1144 struct=0.0000 valF1=0.7159 213.5s
  [finetune] ep004 ce=1.0148 struct=0.0000 valF1=0.7378 213.8s
  [finetune] ep005 ce=0.9341 struct=0.0000 valF1=0.7461 218.8s
  [finetune] ep006 ce=0.8795 struct=0.0000 valF1=0.7547 214.7s
  [finetune] ep007 ce=0.8325 struct=0.0000 valF1=0.7530 211.6s
  [finetune] ep008 ce=0.7923 struct=0.0000 valF1=0.7610 211.4s
  [finetune] ep009 ce=0.7587 struct=0.0000 valF1=0.7717 211.5s
  [finetune] ep010 ce=0.7428 struct=0.0000 valF1=0.7599 211.4s
  [finetune] ep011 ce=0.7143 struct=0.0000 valF1=0.7632 211.5s
  [finetune] ep012 ce=0.6962 struct=0.0000 valF1=0.7596 211.5s
  [finetune] ep013 ce=0.6807 struct=0.0000 valF1=0.7620 211.2s
  [finetune] ep014 ce=0.6685 struct=0.0000 valF1=0.7750 211.4s
  [finetune] ep015 ce=0.6549 struct=0.0000 valF1=0.7611 211.4s
  [finetune] ep016 ce=0.6440 struct=0.0000 valF1=0.7661 211.5s
  [finetune] ep017 ce=0.6410 struct=0.0000 valF1=0.7728 211.3s
  [finetune] ep018 ce=0.6288 struct=0.0000 valF1=0.7663 211.5s
  [finetune] ep019 ce=0.6237 struct=0.0000 valF1=0.7775 211.3s
  [finetune] ep020 ce=0.6201 struct=0.0000 valF1=0.7719 211.5s
  [finetune] ep021 ce=0.6145 struct=0.0000 valF1=0.7677 211.3s
  [finetune] ep022 ce=0.6126 struct=0.0000 valF1=0.7679 211.5s
  [finetune] ep023 ce=0.6056 struct=0.0000 valF1=0.7703 211.5s
  [finetune] ep024 ce=0.6027 struct=0.0000 valF1=0.7797 211.5s
  [finetune] ep025 ce=0.5960 struct=0.0000 valF1=0.7709 211.5s
  [finetune] ep026 ce=0.5965 struct=0.0000 valF1=0.7756 212.7s
  [finetune] ep027 ce=0.5934 struct=0.0000 valF1=0.7787 211.4s
  [finetune] ep028 ce=0.5941 struct=0.0000 valF1=0.7797 211.4s
  [finetune] ep029 ce=0.5920 struct=0.0000 valF1=0.7782 211.1s
  [finetune] ep030 ce=0.5900 struct=0.0000 valF1=0.7704 211.3s
  [finetune] ep031 ce=0.5884 struct=0.0000 valF1=0.7787 211.6s
  [finetune] ep032 ce=0.5892 struct=0.0000 valF1=0.7761 211.5s
  [finetune] ep033 ce=0.5899 struct=0.0000 valF1=0.7768 211.4s
  [finetune] ep034 ce=0.5878 struct=0.0000 valF1=0.7734 211.6s
  [finetune] early stop at ep34
C3_b0_seed3: best val macro F1 = 0.7797 at epoch 34 (early_stopping), 8862.0s
=== 23:12:37 training C1 seed3 (EfficientNet-B0) ===
  [warmup] ep001 ce=2.5705 struct=0.0000 valF1=0.3939 202.4s
  [warmup] ep002 ce=2.0476 struct=0.0000 valF1=0.4387 156.0s
  [warmup] ep003 ce=1.8536 struct=0.0000 valF1=0.4613 156.0s
  [warmup] ep004 ce=1.7371 struct=0.0000 valF1=0.4806 155.9s
  [warmup] ep005 ce=1.6710 struct=0.0000 valF1=0.4891 156.0s
  [warmup] ep006 ce=1.6475 struct=0.0000 valF1=0.4847 156.0s
  [warmup] ep007 ce=1.5785 struct=0.0000 valF1=0.5089 156.0s
  [warmup] ep008 ce=1.5370 struct=0.0000 valF1=0.4938 156.0s
  [warmup] ep009 ce=1.5248 struct=0.0000 valF1=0.5139 156.0s
  [warmup] ep010 ce=1.5050 struct=0.0000 valF1=0.5004 156.1s
  [finetune] ep001 ce=1.2036 struct=0.0000 valF1=0.6577 239.2s
  [finetune] ep002 ce=0.8066 struct=0.0000 valF1=0.7156 213.1s
  [finetune] ep003 ce=0.6413 struct=0.0000 valF1=0.7375 212.9s
  [finetune] ep004 ce=0.5174 struct=0.0000 valF1=0.7399 213.1s
  [finetune] ep005 ce=0.4196 struct=0.0000 valF1=0.7418 212.8s
  [finetune] ep006 ce=0.3520 struct=0.0000 valF1=0.7548 213.3s
  [finetune] ep007 ce=0.2984 struct=0.0000 valF1=0.7630 213.1s
  [finetune] ep008 ce=0.2488 struct=0.0000 valF1=0.7563 213.3s
  [finetune] ep009 ce=0.2145 struct=0.0000 valF1=0.7712 213.1s
  [finetune] ep010 ce=0.1937 struct=0.0000 valF1=0.7668 213.1s
  [finetune] ep011 ce=0.1678 struct=0.0000 valF1=0.7656 212.7s
  [finetune] ep012 ce=0.1449 struct=0.0000 valF1=0.7643 213.0s
  [finetune] ep013 ce=0.1275 struct=0.0000 valF1=0.7704 212.9s
  [finetune] ep014 ce=0.1153 struct=0.0000 valF1=0.7760 213.2s
  [finetune] ep015 ce=0.1022 struct=0.0000 valF1=0.7584 212.9s
  [finetune] ep016 ce=0.0930 struct=0.0000 valF1=0.7736 213.2s
  [finetune] ep017 ce=0.0940 struct=0.0000 valF1=0.7697 212.9s
  [finetune] ep018 ce=0.0789 struct=0.0000 valF1=0.7627 213.4s
  [finetune] ep019 ce=0.0739 struct=0.0000 valF1=0.7716 213.0s
  [finetune] ep020 ce=0.0702 struct=0.0000 valF1=0.7663 213.2s
  [finetune] ep021 ce=0.0687 struct=0.0000 valF1=0.7588 212.8s
  [finetune] ep022 ce=0.0648 struct=0.0000 valF1=0.7695 213.2s
  [finetune] ep023 ce=0.0571 struct=0.0000 valF1=0.7689 213.0s
  [finetune] ep024 ce=0.0573 struct=0.0000 valF1=0.7654 213.2s
  [finetune] early stop at ep24
C1_b0_seed3: best val macro F1 = 0.7760 at epoch 24 (early_stopping), 6749.0s
=== 01:05:14 all EfficientNet-B0 runs complete ===
