=== START C1 seed1 11:48:37 ===
  [warmup] ep001 ce=2.1947 struct=0.0000 valF1=0.4689 82.6s
  [warmup] ep002 ce=1.5487 struct=0.0000 valF1=0.5281 57.2s
  [warmup] ep003 ce=1.3365 struct=0.0000 valF1=0.5413 59.0s
  [warmup] ep004 ce=1.2221 struct=0.0000 valF1=0.5870 57.7s
  [warmup] ep005 ce=1.1419 struct=0.0000 valF1=0.5877 60.2s
  [warmup] ep006 ce=1.0752 struct=0.0000 valF1=0.5856 58.7s
  [warmup] ep007 ce=1.0372 struct=0.0000 valF1=0.6112 188.6s
  [warmup] ep008 ce=0.9844 struct=0.0000 valF1=0.6117 58.5s
  [warmup] ep009 ce=0.9572 struct=0.0000 valF1=0.6177 59.2s
  [warmup] ep010 ce=0.9325 struct=0.0000 valF1=0.6175 60.1s
  [finetune] ep001 ce=0.8145 struct=0.0000 valF1=0.7004 150.2s
  [finetune] ep002 ce=0.4297 struct=0.0000 valF1=0.7215 142.4s
  [finetune] ep003 ce=0.2519 struct=0.0000 valF1=0.7337 137.5s
  [finetune] ep004 ce=0.1512 struct=0.0000 valF1=0.7556 137.1s
  [finetune] ep005 ce=0.1015 struct=0.0000 valF1=0.7649 137.4s
  [finetune] ep006 ce=0.0685 struct=0.0000 valF1=0.7608 138.7s
  [finetune] ep007 ce=0.0455 struct=0.0000 valF1=0.7706 137.8s
  [finetune] ep008 ce=0.0388 struct=0.0000 valF1=0.7663 139.5s
  [finetune] ep009 ce=0.0393 struct=0.0000 valF1=0.7696 137.1s
  [finetune] ep010 ce=0.0238 struct=0.0000 valF1=0.7772 135.9s
  [finetune] ep011 ce=0.0208 struct=0.0000 valF1=0.7828 139.8s
  [finetune] ep012 ce=0.0289 struct=0.0000 valF1=0.7729 137.5s
  [finetune] ep013 ce=0.0181 struct=0.0000 valF1=0.7828 134.0s
  [finetune] ep014 ce=0.0228 struct=0.0000 valF1=0.7724 132.8s
  [finetune] ep015 ce=0.0341 struct=0.0000 valF1=0.7598 132.7s
  [finetune] ep016 ce=0.0161 struct=0.0000 valF1=0.7938 132.8s
  [finetune] ep017 ce=0.0139 struct=0.0000 valF1=0.7876 132.4s
  [finetune] ep018 ce=0.0090 struct=0.0000 valF1=0.7925 132.5s
  [finetune] ep019 ce=0.0108 struct=0.0000 valF1=0.7979 132.5s
  [finetune] ep020 ce=0.0063 struct=0.0000 valF1=0.7969 132.4s
  [finetune] ep021 ce=0.0068 struct=0.0000 valF1=0.8059 132.6s
  [finetune] ep022 ce=0.0083 struct=0.0000 valF1=0.7941 132.5s
  [finetune] ep023 ce=0.0052 struct=0.0000 valF1=0.7937 132.4s
  [finetune] ep024 ce=0.0032 struct=0.0000 valF1=0.8008 132.2s
  [finetune] ep025 ce=0.0030 struct=0.0000 valF1=0.7942 132.4s
  [finetune] ep026 ce=0.0048 struct=0.0000 valF1=0.7949 132.4s
  [finetune] ep027 ce=0.0030 struct=0.0000 valF1=0.8107 132.3s
  [finetune] ep028 ce=0.0029 struct=0.0000 valF1=0.7994 1204.7s
  [finetune] ep029 ce=0.0025 struct=0.0000 valF1=0.8041 142.3s
  [finetune] ep030 ce=0.0033 struct=0.0000 valF1=0.8011 134.9s
  [finetune] ep031 ce=0.0026 struct=0.0000 valF1=0.8007 132.7s
  [finetune] ep032 ce=0.0015 struct=0.0000 valF1=0.7996 133.2s
  [finetune] ep033 ce=0.0027 struct=0.0000 valF1=0.8011 134.4s
  [finetune] ep034 ce=0.0020 struct=0.0000 valF1=0.8011 133.1s
C1_seed1: best val macro F1 = 0.8107 at epoch 37 (epoch_cap), 6422.6s
=== DONE C1 seed1 13:35:51 ===
=== START C2 seed1 13:35:51 ===
  [warmup] ep001 ce=2.2018 struct=0.0000 valF1=0.4805 82.8s
  [warmup] ep002 ce=1.5904 struct=0.0000 valF1=0.5326 56.5s
  [warmup] ep003 ce=1.3989 struct=0.0000 valF1=0.5403 56.7s
  [warmup] ep004 ce=1.2968 struct=0.0000 valF1=0.5948 56.7s
  [warmup] ep005 ce=1.2263 struct=0.0000 valF1=0.5972 56.8s
  [warmup] ep006 ce=1.1691 struct=0.0000 valF1=0.5905 56.9s
  [warmup] ep007 ce=1.1400 struct=0.0000 valF1=0.6170 58.1s
  [warmup] ep008 ce=1.0909 struct=0.0000 valF1=0.6172 58.0s
  [warmup] ep009 ce=1.0701 struct=0.0000 valF1=0.6255 57.7s
  [warmup] ep010 ce=1.0470 struct=0.0000 valF1=0.6187 57.3s
  [finetune] ep001 ce=0.9256 struct=0.0000 valF1=0.7138 134.6s
  [finetune] ep002 ce=0.6124 struct=0.0000 valF1=0.7379 123.7s
  [finetune] ep003 ce=0.4761 struct=0.0000 valF1=0.7403 127.2s
  [finetune] ep004 ce=0.3929 struct=0.0000 valF1=0.7572 127.9s
  [finetune] ep005 ce=0.3473 struct=0.0000 valF1=0.7698 128.5s
  [finetune] ep006 ce=0.3279 struct=0.0000 valF1=0.7658 126.0s
  [finetune] ep007 ce=0.3054 struct=0.0000 valF1=0.7842 126.2s
  [finetune] ep008 ce=0.2888 struct=0.0000 valF1=0.7622 125.5s
  [finetune] ep009 ce=0.2820 struct=0.0000 valF1=0.7739 125.6s
  [finetune] ep010 ce=0.2674 struct=0.0000 valF1=0.7748 124.7s
  [finetune] ep011 ce=0.2608 struct=0.0000 valF1=0.7661 125.7s
  [finetune] ep012 ce=0.2541 struct=0.0000 valF1=0.7673 125.2s
  [finetune] ep013 ce=0.2448 struct=0.0000 valF1=0.7698 125.4s
  [finetune] ep014 ce=0.2447 struct=0.0000 valF1=0.7715 125.6s
  [finetune] ep015 ce=0.2412 struct=0.0000 valF1=0.7750 126.5s
  [finetune] ep016 ce=0.2339 struct=0.0000 valF1=0.7813 127.2s
  [finetune] ep017 ce=0.2264 struct=0.0000 valF1=0.7847 126.0s
  [finetune] ep018 ce=0.2223 struct=0.0000 valF1=0.7895 126.0s
  [finetune] ep019 ce=0.2180 struct=0.0000 valF1=0.7905 125.9s
  [finetune] ep020 ce=0.2158 struct=0.0000 valF1=0.7799 126.1s
  [finetune] ep021 ce=0.2115 struct=0.0000 valF1=0.7887 125.2s
  [finetune] ep022 ce=0.2087 struct=0.0000 valF1=0.7904 126.4s
  [finetune] ep023 ce=0.2049 struct=0.0000 valF1=0.7846 125.2s
  [finetune] ep024 ce=0.2011 struct=0.0000 valF1=0.7895 126.5s
  [finetune] ep025 ce=0.1973 struct=0.0000 valF1=0.7892 126.2s
  [finetune] ep026 ce=0.1947 struct=0.0000 valF1=0.7917 126.6s
  [finetune] ep027 ce=0.1930 struct=0.0000 valF1=0.7937 126.4s
  [finetune] ep028 ce=0.1892 struct=0.0000 valF1=0.7923 125.1s
  [finetune] ep029 ce=0.1890 struct=0.0000 valF1=0.7939 126.1s
  [finetune] ep030 ce=0.1890 struct=0.0000 valF1=0.7926 125.9s
  [finetune] ep031 ce=0.1876 struct=0.0000 valF1=0.7917 126.6s
  [finetune] ep032 ce=0.1859 struct=0.0000 valF1=0.7932 126.5s
  [finetune] ep033 ce=0.1863 struct=0.0000 valF1=0.7887 125.7s
  [finetune] ep034 ce=0.1843 struct=0.0000 valF1=0.7897 125.9s
C2_seed1: best val macro F1 = 0.7939 at epoch 39 (epoch_cap), 4898.0s
=== DONE C2 seed1 14:57:41 ===
=== START C3 seed1 14:57:41 ===
  [warmup] ep001 ce=2.3180 struct=0.0000 valF1=0.4795 83.7s
  [warmup] ep002 ce=1.7906 struct=0.0000 valF1=0.5425 64.5s
  [warmup] ep003 ce=1.6300 struct=0.0000 valF1=0.5414 3917.5s
  [warmup] ep004 ce=1.5456 struct=0.0000 valF1=0.5966 55.8s
  [warmup] ep005 ce=1.4870 struct=0.0000 valF1=0.5895 56.3s
  [warmup] ep006 ce=1.4370 struct=0.0000 valF1=0.5907 56.4s
  [warmup] ep007 ce=1.4091 struct=0.0000 valF1=0.6040 56.3s
  [warmup] ep008 ce=1.3710 struct=0.0000 valF1=0.6151 58.6s
  [warmup] ep009 ce=1.3499 struct=0.0000 valF1=0.6257 57.5s
  [warmup] ep010 ce=1.3327 struct=0.0000 valF1=0.6143 56.1s
  [finetune] ep001 ce=1.2357 struct=0.0000 valF1=0.7301 132.4s
  [finetune] ep002 ce=0.9346 struct=0.0000 valF1=0.7336 124.0s
  [finetune] ep003 ce=0.7766 struct=0.0000 valF1=0.7498 124.5s
  [finetune] ep004 ce=0.6777 struct=0.0000 valF1=0.7559 125.7s
  [finetune] ep005 ce=0.6205 struct=0.0000 valF1=0.7732 125.0s
  [finetune] ep006 ce=0.5907 struct=0.0000 valF1=0.7787 127.1s
  [finetune] ep007 ce=0.5715 struct=0.0000 valF1=0.7750 126.5s
  [finetune] ep008 ce=0.5559 struct=0.0000 valF1=0.7813 126.8s
  [finetune] ep009 ce=0.5490 struct=0.0000 valF1=0.7993 125.6s
  [finetune] ep010 ce=0.5417 struct=0.0000 valF1=0.7905 125.7s
  [finetune] ep011 ce=0.5320 struct=0.0000 valF1=0.7951 124.9s
  [finetune] ep012 ce=0.5269 struct=0.0000 valF1=0.7835 125.9s
  [finetune] ep013 ce=0.5209 struct=0.0000 valF1=0.7993 126.1s
  [finetune] ep014 ce=0.5279 struct=0.0000 valF1=0.7935 127.0s
  [finetune] ep015 ce=0.5230 struct=0.0000 valF1=0.7847 128.7s
  [finetune] ep016 ce=0.5179 struct=0.0000 valF1=0.7892 126.2s
  [finetune] ep017 ce=0.5136 struct=0.0000 valF1=0.7893 126.8s
  [finetune] ep018 ce=0.5111 struct=0.0000 valF1=0.7999 126.0s
  [finetune] ep019 ce=0.5065 struct=0.0000 valF1=0.8070 126.7s
  [finetune] ep020 ce=0.5040 struct=0.0000 valF1=0.8084 126.5s
  [finetune] ep021 ce=0.5031 struct=0.0000 valF1=0.8017 126.3s
  [finetune] ep022 ce=0.5030 struct=0.0000 valF1=0.8038 126.7s
  [finetune] ep023 ce=0.5001 struct=0.0000 valF1=0.8006 126.8s
  [finetune] ep024 ce=0.5001 struct=0.0000 valF1=0.8022 127.0s
  [finetune] ep025 ce=0.4975 struct=0.0000 valF1=0.7980 127.5s
  [finetune] ep026 ce=0.4978 struct=0.0000 valF1=0.8039 127.4s
  [finetune] ep027 ce=0.4971 struct=0.0000 valF1=0.8071 124.8s
  [finetune] ep028 ce=0.4958 struct=0.0000 valF1=0.8140 126.4s
  [finetune] ep029 ce=0.4948 struct=0.0000 valF1=0.8069 125.3s
  [finetune] ep030 ce=0.4954 struct=0.0000 valF1=0.8090 126.7s
  [finetune] ep031 ce=0.4946 struct=0.0000 valF1=0.8105 125.5s
  [finetune] ep032 ce=0.4938 struct=0.0000 valF1=0.8133 125.7s
  [finetune] ep033 ce=0.4957 struct=0.0000 valF1=0.8127 125.8s
  [finetune] ep034 ce=0.4940 struct=0.0000 valF1=0.8127 126.0s
C3_seed1: best val macro F1 = 0.8140 at epoch 38 (epoch_cap), 8765.0s
=== DONE C3 seed1 17:23:58 ===
=== START C4 seed1 17:23:58 ===
C:\Users\DFIT\Downloads\Final defence\src\models\phase4_train.py:249: UserWarning: Converting a tensor with requires_grad=True to a scalar may lead to unexpected behavior.
Consider using tensor.detach() first. (Triggered internally at C:\actions-runner\_work\pytorch\pytorch\torch\csrc\autograd\generated\python_variable_methods.cpp:839.)
  tot_s += float(l_st) * t.size(0)
  [warmup] ep001 ce=2.1888 struct=0.3678 valF1=0.4770 81.0s
  [warmup] ep002 ce=1.5744 struct=0.2786 valF1=0.5283 56.4s
  [warmup] ep003 ce=1.3848 struct=0.2446 valF1=0.5456 56.5s
  [warmup] ep004 ce=1.2856 struct=0.2248 valF1=0.5898 56.6s
  [warmup] ep005 ce=1.2160 struct=0.2118 valF1=0.5961 56.7s
  [warmup] ep006 ce=1.1590 struct=0.2010 valF1=0.5927 56.7s
  [warmup] ep007 ce=1.1311 struct=0.1961 valF1=0.6193 56.7s
  [warmup] ep008 ce=1.0820 struct=0.1872 valF1=0.6161 56.7s
  [warmup] ep009 ce=1.0617 struct=0.1841 valF1=0.6244 56.7s
  [warmup] ep010 ce=1.0396 struct=0.1786 valF1=0.6263 56.7s
  [finetune] ep001 ce=0.9303 struct=0.1334 valF1=0.7160 135.0s
  [finetune] ep002 ce=0.6171 struct=0.0862 valF1=0.7402 124.8s
  [finetune] ep003 ce=0.4798 struct=0.0670 valF1=0.7456 125.7s
  [finetune] ep004 ce=0.3966 struct=0.0580 valF1=0.7606 124.3s
  [finetune] ep005 ce=0.3512 struct=0.0517 valF1=0.7674 124.9s
  [finetune] ep006 ce=0.3311 struct=0.0493 valF1=0.7762 124.7s
  [finetune] ep007 ce=0.3086 struct=0.0476 valF1=0.7806 124.9s
  [finetune] ep008 ce=0.2887 struct=0.0457 valF1=0.7685 125.1s
  [finetune] ep009 ce=0.2851 struct=0.0450 valF1=0.7753 125.2s
  [finetune] ep010 ce=0.2683 struct=0.0434 valF1=0.7778 125.0s
  [finetune] ep011 ce=0.2608 struct=0.0432 valF1=0.7673 124.5s
  [finetune] ep012 ce=0.2531 struct=0.0423 valF1=0.7745 125.2s
  [finetune] ep013 ce=0.2478 struct=0.0416 valF1=0.7808 125.5s
  [finetune] ep014 ce=0.2445 struct=0.0420 valF1=0.7889 125.2s
  [finetune] ep015 ce=0.2440 struct=0.0418 valF1=0.7762 125.0s
  [finetune] ep016 ce=0.2361 struct=0.0411 valF1=0.7908 124.9s
  [finetune] ep017 ce=0.2274 struct=0.0406 valF1=0.7794 124.5s
  [finetune] ep018 ce=0.2266 struct=0.0406 valF1=0.7946 124.8s
  [finetune] ep019 ce=0.2197 struct=0.0398 valF1=0.7920 124.5s
  [finetune] ep020 ce=0.2195 struct=0.0399 valF1=0.7948 125.3s
  [finetune] ep021 ce=0.2129 struct=0.0396 valF1=0.7913 123.8s
  [finetune] ep022 ce=0.2116 struct=0.0390 valF1=0.7910 126.1s
  [finetune] ep023 ce=0.2070 struct=0.0391 valF1=0.7907 124.5s
  [finetune] ep024 ce=0.2016 struct=0.0387 valF1=0.7945 125.3s
  [finetune] ep025 ce=0.1997 struct=0.0386 valF1=0.7913 125.0s
  [finetune] ep026 ce=0.1968 struct=0.0383 valF1=0.7962 125.1s
  [finetune] ep027 ce=0.1951 struct=0.0382 valF1=0.7997 124.5s
  [finetune] ep028 ce=0.1921 struct=0.0379 valF1=0.8011 125.6s
  [finetune] ep029 ce=0.1905 struct=0.0381 valF1=0.7976 125.0s
  [finetune] ep030 ce=0.1908 struct=0.0379 valF1=0.7931 125.2s
  [finetune] ep031 ce=0.1892 struct=0.0378 valF1=0.7943 123.7s
  [finetune] ep032 ce=0.1878 struct=0.0375 valF1=0.7946 123.9s
  [finetune] ep033 ce=0.1880 struct=0.0378 valF1=0.7938 122.7s
  [finetune] ep034 ce=0.1867 struct=0.0375 valF1=0.7937 125.3s
C4_seed1: best val macro F1 = 0.8011 at epoch 38 (epoch_cap), 4852.7s
=== DONE C4 seed1 18:45:26 ===
=== START C1 seed2 18:45:26 ===
  [warmup] ep001 ce=2.1902 struct=0.0000 valF1=0.4664 108.2s
  [warmup] ep002 ce=1.5541 struct=0.0000 valF1=0.5110 128.3s
  [warmup] ep003 ce=1.3387 struct=0.0000 valF1=0.5340 132.0s
  [warmup] ep004 ce=1.2204 struct=0.0000 valF1=0.5489 133.7s
  [warmup] ep005 ce=1.1453 struct=0.0000 valF1=0.5750 133.3s
  [warmup] ep006 ce=1.0737 struct=0.0000 valF1=0.5992 130.6s
  [warmup] ep007 ce=1.0355 struct=0.0000 valF1=0.6214 133.3s
  [warmup] ep008 ce=0.9930 struct=0.0000 valF1=0.6293 131.8s
  [warmup] ep009 ce=0.9702 struct=0.0000 valF1=0.6274 133.2s
  [warmup] ep010 ce=0.9263 struct=0.0000 valF1=0.6003 133.3s
  [finetune] ep001 ce=0.8156 struct=0.0000 valF1=0.7295 330.0s
  [finetune] ep002 ce=0.4440 struct=0.0000 valF1=0.7356 481.6s
  [finetune] ep003 ce=0.2395 struct=0.0000 valF1=0.7468 192.4s
  [finetune] ep004 ce=0.1484 struct=0.0000 valF1=0.7399 183.1s
  [finetune] ep005 ce=0.0830 struct=0.0000 valF1=0.7562 169.3s
  [finetune] ep006 ce=0.0705 struct=0.0000 valF1=0.7401 172.6s
  [finetune] ep007 ce=0.0521 struct=0.0000 valF1=0.7506 177.2s
  [finetune] ep008 ce=0.0475 struct=0.0000 valF1=0.7686 170.6s
  [finetune] ep009 ce=0.0427 struct=0.0000 valF1=0.7620 168.7s
  [finetune] ep010 ce=0.0239 struct=0.0000 valF1=0.7642 819.7s
  [finetune] ep011 ce=0.0269 struct=0.0000 valF1=0.7781 626.9s
  [finetune] ep012 ce=0.0360 struct=0.0000 valF1=0.7677 127.7s
  [finetune] ep013 ce=0.0258 struct=0.0000 valF1=0.7545 123.6s
  [finetune] ep014 ce=0.0214 struct=0.0000 valF1=0.7692 124.2s
  [finetune] ep015 ce=0.0240 struct=0.0000 valF1=0.7736 123.8s
  [finetune] ep016 ce=0.0159 struct=0.0000 valF1=0.7857 123.9s
  [finetune] ep017 ce=0.0090 struct=0.0000 valF1=0.7913 123.8s
  [finetune] ep018 ce=0.0060 struct=0.0000 valF1=0.7965 124.1s
  [finetune] ep019 ce=0.0077 struct=0.0000 valF1=0.7840 124.1s
  [finetune] ep020 ce=0.0071 struct=0.0000 valF1=0.7767 123.6s
  [finetune] ep021 ce=0.0068 struct=0.0000 valF1=0.7707 123.7s
  [finetune] ep022 ce=0.0066 struct=0.0000 valF1=0.7741 124.3s
  [finetune] ep023 ce=0.0043 struct=0.0000 valF1=0.7850 123.5s
  [finetune] ep024 ce=0.0048 struct=0.0000 valF1=0.7919 124.0s
  [finetune] ep025 ce=0.0050 struct=0.0000 valF1=0.7865 123.3s
  [finetune] ep026 ce=0.0034 struct=0.0000 valF1=0.7890 124.5s
  [finetune] ep027 ce=0.0026 struct=0.0000 valF1=0.7876 124.0s
  [finetune] ep028 ce=0.0015 struct=0.0000 valF1=0.7860 124.7s
  [finetune] early stop at ep28
C1_seed2: best val macro F1 = 0.7965 at epoch 28 (early_stopping), 6906.9s
=== DONE C1 seed2 20:40:50 ===
=== START C2 seed2 20:40:50 ===
  [warmup] ep001 ce=2.1979 struct=0.0000 valF1=0.4685 77.5s
  [warmup] ep002 ce=1.5944 struct=0.0000 valF1=0.5049 56.8s
  [warmup] ep003 ce=1.3998 struct=0.0000 valF1=0.5341 57.2s
  [warmup] ep004 ce=1.2944 struct=0.0000 valF1=0.5466 56.9s
  [warmup] ep005 ce=1.2271 struct=0.0000 valF1=0.5785 56.5s
  [warmup] ep006 ce=1.1677 struct=0.0000 valF1=0.5945 56.6s
  [warmup] ep007 ce=1.1341 struct=0.0000 valF1=0.6231 56.6s
  [warmup] ep008 ce=1.0997 struct=0.0000 valF1=0.6305 56.5s
  [warmup] ep009 ce=1.0804 struct=0.0000 valF1=0.6284 56.5s
  [warmup] ep010 ce=1.0463 struct=0.0000 valF1=0.6143 56.6s
  [finetune] ep001 ce=0.9241 struct=0.0000 valF1=0.7333 135.9s
  [finetune] ep002 ce=0.6123 struct=0.0000 valF1=0.7429 125.3s
  [finetune] ep003 ce=0.4600 struct=0.0000 valF1=0.7429 125.0s
  [finetune] ep004 ce=0.3972 struct=0.0000 valF1=0.7552 125.6s
  [finetune] ep005 ce=0.3478 struct=0.0000 valF1=0.7685 125.0s
  [finetune] ep006 ce=0.3261 struct=0.0000 valF1=0.7635 125.4s
  [finetune] ep007 ce=0.3091 struct=0.0000 valF1=0.7743 125.0s
  [finetune] ep008 ce=0.2946 struct=0.0000 valF1=0.7731 125.3s
  [finetune] ep009 ce=0.2844 struct=0.0000 valF1=0.7846 125.0s
  [finetune] ep010 ce=0.2649 struct=0.0000 valF1=0.7776 125.4s
  [finetune] ep011 ce=0.2656 struct=0.0000 valF1=0.7731 126.9s
  [finetune] ep012 ce=0.2551 struct=0.0000 valF1=0.7637 125.3s
  [finetune] ep013 ce=0.2474 struct=0.0000 valF1=0.7748 125.1s
  [finetune] ep014 ce=0.2463 struct=0.0000 valF1=0.7747 125.3s
  [finetune] ep015 ce=0.2423 struct=0.0000 valF1=0.7777 125.7s
  [finetune] ep016 ce=0.2319 struct=0.0000 valF1=0.7918 125.9s
  [finetune] ep017 ce=0.2246 struct=0.0000 valF1=0.7881 125.3s
  [finetune] ep018 ce=0.2216 struct=0.0000 valF1=0.7816 124.7s
  [finetune] ep019 ce=0.2219 struct=0.0000 valF1=0.7858 125.1s
  [finetune] ep020 ce=0.2167 struct=0.0000 valF1=0.7921 124.8s
  [finetune] ep021 ce=0.2132 struct=0.0000 valF1=0.7924 125.3s
  [finetune] ep022 ce=0.2095 struct=0.0000 valF1=0.7975 125.2s
  [finetune] ep023 ce=0.2049 struct=0.0000 valF1=0.7922 125.2s
  [finetune] ep024 ce=0.1983 struct=0.0000 valF1=0.7892 125.0s
  [finetune] ep025 ce=0.1983 struct=0.0000 valF1=0.7944 125.4s
  [finetune] ep026 ce=0.1950 struct=0.0000 valF1=0.7854 125.2s
  [finetune] ep027 ce=0.1924 struct=0.0000 valF1=0.7951 125.7s
  [finetune] ep028 ce=0.1917 struct=0.0000 valF1=0.7919 124.5s
  [finetune] ep029 ce=0.1903 struct=0.0000 valF1=0.7933 125.4s
  [finetune] ep030 ce=0.1872 struct=0.0000 valF1=0.7943 125.2s
  [finetune] ep031 ce=0.1876 struct=0.0000 valF1=0.8013 125.6s
  [finetune] ep032 ce=0.1854 struct=0.0000 valF1=0.7977 125.2s
  [finetune] ep033 ce=0.1867 struct=0.0000 valF1=0.7979 125.4s
  [finetune] ep034 ce=0.1857 struct=0.0000 valF1=0.7987 125.3s
C2_seed2: best val macro F1 = 0.8013 at epoch 41 (epoch_cap), 4864.4s
=== DONE C2 seed2 23:50:58 ===
=== START C3 seed2 23:50:58 ===
  [warmup] ep001 ce=2.3133 struct=0.0000 valF1=0.4674 84.1s
  [warmup] ep002 ce=1.7956 struct=0.0000 valF1=0.5042 56.2s
  [warmup] ep003 ce=1.6323 struct=0.0000 valF1=0.5299 56.4s
  [warmup] ep004 ce=1.5453 struct=0.0000 valF1=0.5605 56.5s
  [warmup] ep005 ce=1.4892 struct=0.0000 valF1=0.5896 56.4s
  [warmup] ep006 ce=1.4359 struct=0.0000 valF1=0.6052 56.5s
  [warmup] ep007 ce=1.4081 struct=0.0000 valF1=0.6213 56.5s
  [warmup] ep008 ce=1.3782 struct=0.0000 valF1=0.6360 56.5s
  [warmup] ep009 ce=1.3616 struct=0.0000 valF1=0.6316 56.5s
  [warmup] ep010 ce=1.3286 struct=0.0000 valF1=0.6020 56.5s
  [finetune] ep001 ce=1.2383 struct=0.0000 valF1=0.7380 141.3s
  [finetune] ep002 ce=0.9343 struct=0.0000 valF1=0.7388 131.4s
  [finetune] ep003 ce=0.7695 struct=0.0000 valF1=0.7585 131.3s
  [finetune] ep004 ce=0.6806 struct=0.0000 valF1=0.7556 131.2s
  [finetune] ep005 ce=0.6158 struct=0.0000 valF1=0.7627 131.3s
  [finetune] ep006 ce=0.5933 struct=0.0000 valF1=0.7578 131.3s
  [finetune] ep007 ce=0.5725 struct=0.0000 valF1=0.7740 131.2s
  [finetune] ep008 ce=0.5619 struct=0.0000 valF1=0.7866 131.1s
  [finetune] ep009 ce=0.5485 struct=0.0000 valF1=0.7737 131.3s
  [finetune] ep010 ce=0.5382 struct=0.0000 valF1=0.7802 131.2s
  [finetune] ep011 ce=0.5348 struct=0.0000 valF1=0.7846 131.2s
  [finetune] ep012 ce=0.5349 struct=0.0000 valF1=0.7704 131.2s
  [finetune] ep013 ce=0.5284 struct=0.0000 valF1=0.7931 131.1s
  [finetune] ep014 ce=0.5248 struct=0.0000 valF1=0.7914 131.2s
  [finetune] ep015 ce=0.5219 struct=0.0000 valF1=0.7896 131.3s
  [finetune] ep016 ce=0.5151 struct=0.0000 valF1=0.7814 131.0s
  [finetune] ep017 ce=0.5123 struct=0.0000 valF1=0.7864 131.3s
  [finetune] ep018 ce=0.5080 struct=0.0000 valF1=0.7972 131.1s
  [finetune] ep019 ce=0.5084 struct=0.0000 valF1=0.7900 131.4s
  [finetune] ep020 ce=0.5053 struct=0.0000 valF1=0.7940 131.2s
  [finetune] ep021 ce=0.5050 struct=0.0000 valF1=0.7933 131.1s
  [finetune] ep022 ce=0.5011 struct=0.0000 valF1=0.7896 131.2s
  [finetune] ep023 ce=0.5011 struct=0.0000 valF1=0.7871 131.2s
  [finetune] ep024 ce=0.4995 struct=0.0000 valF1=0.7960 131.2s
  [finetune] ep025 ce=0.4974 struct=0.0000 valF1=0.7942 131.1s
  [finetune] ep026 ce=0.4975 struct=0.0000 valF1=0.7958 131.2s
  [finetune] ep027 ce=0.4959 struct=0.0000 valF1=0.7958 131.1s
  [finetune] ep028 ce=0.4954 struct=0.0000 valF1=0.8040 130.9s
  [finetune] ep029 ce=0.4953 struct=0.0000 valF1=0.7918 131.2s
  [finetune] ep030 ce=0.4945 struct=0.0000 valF1=0.7959 131.1s
  [finetune] ep031 ce=0.4947 struct=0.0000 valF1=0.7992 130.9s
  [finetune] ep032 ce=0.4941 struct=0.0000 valF1=0.7966 131.0s
  [finetune] ep033 ce=0.4949 struct=0.0000 valF1=0.7982 131.1s
  [finetune] ep034 ce=0.4942 struct=0.0000 valF1=0.7991 130.9s
C3_seed2: best val macro F1 = 0.8040 at epoch 38 (epoch_cap), 5067.5s
=== DONE C3 seed2 01:15:34 ===
=== START C4 seed2 01:15:34 ===
C:\Users\DFIT\Downloads\Final defence\src\models\phase4_train.py:249: UserWarning: Converting a tensor with requires_grad=True to a scalar may lead to unexpected behavior.
Consider using tensor.detach() first. (Triggered internally at C:\actions-runner\_work\pytorch\pytorch\torch\csrc\autograd\generated\python_variable_methods.cpp:839.)
  tot_s += float(l_st) * t.size(0)
  [warmup] ep001 ce=2.1855 struct=0.3668 valF1=0.4687 83.3s
  [warmup] ep002 ce=1.5778 struct=0.2784 valF1=0.5097 56.1s
  [warmup] ep003 ce=1.3864 struct=0.2441 valF1=0.5371 56.2s
  [warmup] ep004 ce=1.2828 struct=0.2245 valF1=0.5584 56.4s
  [warmup] ep005 ce=1.2161 struct=0.2122 valF1=0.5838 56.3s
  [warmup] ep006 ce=1.1572 struct=0.2010 valF1=0.5947 56.4s
  [warmup] ep007 ce=1.1251 struct=0.1950 valF1=0.6278 56.3s
  [warmup] ep008 ce=1.0916 struct=0.1884 valF1=0.6307 56.3s
  [warmup] ep009 ce=1.0730 struct=0.1841 valF1=0.6311 56.4s
  [warmup] ep010 ce=1.0382 struct=0.1790 valF1=0.6195 56.4s
  [finetune] ep001 ce=0.9294 struct=0.1342 valF1=0.7396 139.9s
  [finetune] ep002 ce=0.6170 struct=0.0854 valF1=0.7479 131.1s
  [finetune] ep003 ce=0.4658 struct=0.0659 valF1=0.7435 131.0s
  [finetune] ep004 ce=0.3983 struct=0.0579 valF1=0.7627 131.0s
  [finetune] ep005 ce=0.3482 struct=0.0511 valF1=0.7677 130.8s
  [finetune] ep006 ce=0.3290 struct=0.0498 valF1=0.7658 131.0s
  [finetune] ep007 ce=0.3130 struct=0.0479 valF1=0.7742 131.8s
  [finetune] ep008 ce=0.2959 struct=0.0457 valF1=0.7702 131.1s
  [finetune] ep009 ce=0.2830 struct=0.0453 valF1=0.7731 130.9s
  [finetune] ep010 ce=0.2650 struct=0.0432 valF1=0.7852 130.6s
  [finetune] ep011 ce=0.2675 struct=0.0440 valF1=0.7900 130.8s
  [finetune] ep012 ce=0.2587 struct=0.0431 valF1=0.7697 130.7s
  [finetune] ep013 ce=0.2495 struct=0.0422 valF1=0.7745 131.0s
  [finetune] ep014 ce=0.2473 struct=0.0422 valF1=0.7821 130.9s
  [finetune] ep015 ce=0.2431 struct=0.0418 valF1=0.7865 130.8s
  [finetune] ep016 ce=0.2332 struct=0.0407 valF1=0.7931 130.7s
  [finetune] ep017 ce=0.2287 struct=0.0406 valF1=0.7899 130.8s
  [finetune] ep018 ce=0.2223 struct=0.0398 valF1=0.7831 131.0s
  [finetune] ep019 ce=0.2210 struct=0.0398 valF1=0.7817 130.8s
  [finetune] ep020 ce=0.2173 struct=0.0401 valF1=0.7966 130.8s
  [finetune] ep021 ce=0.2153 struct=0.0394 valF1=0.8011 130.7s
  [finetune] ep022 ce=0.2112 struct=0.0394 valF1=0.7964 130.8s
  [finetune] ep023 ce=0.2059 struct=0.0387 valF1=0.7905 130.7s
  [finetune] ep024 ce=0.2006 struct=0.0386 valF1=0.7894 130.8s
  [finetune] ep025 ce=0.1999 struct=0.0386 valF1=0.7939 130.7s
  [finetune] ep026 ce=0.1979 struct=0.0380 valF1=0.7899 130.9s
  [finetune] ep027 ce=0.1935 struct=0.0381 valF1=0.7992 130.8s
  [finetune] ep028 ce=0.1930 struct=0.0381 valF1=0.7953 130.9s
  [finetune] ep029 ce=0.1927 struct=0.0377 valF1=0.7968 130.8s
  [finetune] ep030 ce=0.1892 struct=0.0380 valF1=0.7975 130.9s
  [finetune] ep031 ce=0.1898 struct=0.0380 valF1=0.7975 130.9s
  [finetune] early stop at ep31
C4_seed2: best val macro F1 = 0.8011 at epoch 31 (early_stopping), 4662.7s
=== DONE C4 seed2 02:33:25 ===
=== START C1 seed3 02:33:25 ===
  [warmup] ep001 ce=2.1895 struct=0.0000 valF1=0.4521 84.4s
  [warmup] ep002 ce=1.5486 struct=0.0000 valF1=0.5321 56.1s
  [warmup] ep003 ce=1.3307 struct=0.0000 valF1=0.5430 56.1s
  [warmup] ep004 ce=1.2203 struct=0.0000 valF1=0.5721 56.3s
  [warmup] ep005 ce=1.1372 struct=0.0000 valF1=0.5868 56.3s
  [warmup] ep006 ce=1.0932 struct=0.0000 valF1=0.6157 56.4s
  [warmup] ep007 ce=1.0305 struct=0.0000 valF1=0.6192 56.4s
  [warmup] ep008 ce=0.9997 struct=0.0000 valF1=0.6001 56.5s
  [warmup] ep009 ce=0.9519 struct=0.0000 valF1=0.6168 56.6s
  [warmup] ep010 ce=0.9346 struct=0.0000 valF1=0.6085 56.6s
  [finetune] ep001 ce=0.8101 struct=0.0000 valF1=0.7316 141.4s
  [finetune] ep002 ce=0.4471 struct=0.0000 valF1=0.7348 131.2s
  [finetune] ep003 ce=0.2479 struct=0.0000 valF1=0.7499 131.3s
  [finetune] ep004 ce=0.1370 struct=0.0000 valF1=0.7500 131.2s
  [finetune] ep005 ce=0.1028 struct=0.0000 valF1=0.7462 130.9s
  [finetune] ep006 ce=0.0663 struct=0.0000 valF1=0.7714 131.1s
  [finetune] ep007 ce=0.0545 struct=0.0000 valF1=0.7523 130.9s
  [finetune] ep008 ce=0.0425 struct=0.0000 valF1=0.7674 131.2s
  [finetune] ep009 ce=0.0382 struct=0.0000 valF1=0.7695 130.8s
  [finetune] ep010 ce=0.0532 struct=0.0000 valF1=0.7482 131.0s
  [finetune] ep011 ce=0.0234 struct=0.0000 valF1=0.7717 130.8s
  [finetune] ep012 ce=0.0300 struct=0.0000 valF1=0.7679 131.1s
  [finetune] ep013 ce=0.0214 struct=0.0000 valF1=0.7684 131.0s
  [finetune] ep014 ce=0.0138 struct=0.0000 valF1=0.7880 130.9s
  [finetune] ep015 ce=0.0138 struct=0.0000 valF1=0.7653 130.8s
  [finetune] ep016 ce=0.0222 struct=0.0000 valF1=0.7704 131.0s
  [finetune] ep017 ce=0.0157 struct=0.0000 valF1=0.7835 131.0s
  [finetune] ep018 ce=0.0076 struct=0.0000 valF1=0.7847 131.1s
  [finetune] ep019 ce=0.0097 struct=0.0000 valF1=0.7813 131.3s
  [finetune] ep020 ce=0.0080 struct=0.0000 valF1=0.7753 130.9s
  [finetune] ep021 ce=0.0052 struct=0.0000 valF1=0.7806 131.4s
  [finetune] ep022 ce=0.0050 struct=0.0000 valF1=0.7787 131.2s
  [finetune] ep023 ce=0.0029 struct=0.0000 valF1=0.7906 131.5s
  [finetune] ep024 ce=0.0052 struct=0.0000 valF1=0.7815 131.2s
  [finetune] ep025 ce=0.0053 struct=0.0000 valF1=0.7794 131.1s
  [finetune] ep026 ce=0.0031 struct=0.0000 valF1=0.8014 131.2s
  [finetune] ep027 ce=0.0025 struct=0.0000 valF1=0.7939 130.9s
  [finetune] ep028 ce=0.0026 struct=0.0000 valF1=0.7966 131.4s
  [finetune] ep029 ce=0.0026 struct=0.0000 valF1=0.7901 131.8s
  [finetune] ep030 ce=0.0020 struct=0.0000 valF1=0.7955 131.9s
  [finetune] ep031 ce=0.0023 struct=0.0000 valF1=0.7955 131.8s
  [finetune] ep032 ce=0.0019 struct=0.0000 valF1=0.7936 131.5s
  [finetune] ep033 ce=0.0019 struct=0.0000 valF1=0.7927 131.9s
  [finetune] ep034 ce=0.0025 struct=0.0000 valF1=0.7936 131.7s
C1_seed3: best val macro F1 = 0.8014 at epoch 36 (epoch_cap), 5068.6s
=== DONE C1 seed3 03:58:33 ===
=== START C2 seed3 03:58:33 ===
  [warmup] ep001 ce=2.1955 struct=0.0000 valF1=0.4567 84.6s
  [warmup] ep002 ce=1.5934 struct=0.0000 valF1=0.5280 56.1s
  [warmup] ep003 ce=1.3912 struct=0.0000 valF1=0.5613 56.2s
  [warmup] ep004 ce=1.2974 struct=0.0000 valF1=0.5736 56.2s
  [warmup] ep005 ce=1.2208 struct=0.0000 valF1=0.5864 56.3s
  [warmup] ep006 ce=1.1848 struct=0.0000 valF1=0.6171 56.3s
  [warmup] ep007 ce=1.1296 struct=0.0000 valF1=0.6103 56.3s
  [warmup] ep008 ce=1.1049 struct=0.0000 valF1=0.6075 57.5s
  [warmup] ep009 ce=1.0638 struct=0.0000 valF1=0.6194 63.6s
  [warmup] ep010 ce=1.0494 struct=0.0000 valF1=0.6016 56.9s
  [finetune] ep001 ce=0.9195 struct=0.0000 valF1=0.7323 141.6s
  [finetune] ep002 ce=0.6245 struct=0.0000 valF1=0.7523 131.3s
  [finetune] ep003 ce=0.4690 struct=0.0000 valF1=0.7449 130.9s
  [finetune] ep004 ce=0.3819 struct=0.0000 valF1=0.7277 131.0s
  [finetune] ep005 ce=0.3483 struct=0.0000 valF1=0.7548 131.1s
  [finetune] ep006 ce=0.3205 struct=0.0000 valF1=0.7529 131.1s
  [finetune] ep007 ce=0.3003 struct=0.0000 valF1=0.7613 131.0s
  [finetune] ep008 ce=0.2915 struct=0.0000 valF1=0.7664 131.1s
  [finetune] ep009 ce=0.2874 struct=0.0000 valF1=0.7581 132.5s
  [finetune] ep010 ce=0.2681 struct=0.0000 valF1=0.7672 135.3s
  [finetune] ep011 ce=0.2644 struct=0.0000 valF1=0.7775 134.9s
  [finetune] ep012 ce=0.2564 struct=0.0000 valF1=0.7689 133.2s
  [finetune] ep013 ce=0.2536 struct=0.0000 valF1=0.7926 133.2s
  [finetune] ep014 ce=0.2405 struct=0.0000 valF1=0.7741 134.0s
  [finetune] ep015 ce=0.2380 struct=0.0000 valF1=0.7843 132.7s
  [finetune] ep016 ce=0.2360 struct=0.0000 valF1=0.7950 132.2s
  [finetune] ep017 ce=0.2314 struct=0.0000 valF1=0.7742 132.3s
  [finetune] ep018 ce=0.2232 struct=0.0000 valF1=0.7860 132.2s
  [finetune] ep019 ce=0.2220 struct=0.0000 valF1=0.7847 132.3s
  [finetune] ep020 ce=0.2130 struct=0.0000 valF1=0.7825 132.2s
  [finetune] ep021 ce=0.2109 struct=0.0000 valF1=0.7887 132.2s
  [finetune] ep022 ce=0.2069 struct=0.0000 valF1=0.7850 132.4s
  [finetune] ep023 ce=0.2051 struct=0.0000 valF1=0.7877 132.2s
  [finetune] ep024 ce=0.2022 struct=0.0000 valF1=0.7861 137.7s
  [finetune] ep025 ce=0.1977 struct=0.0000 valF1=0.7961 140.3s
  [finetune] ep026 ce=0.1939 struct=0.0000 valF1=0.7908 139.4s
  [finetune] ep027 ce=0.1908 struct=0.0000 valF1=0.7933 139.1s
  [finetune] ep028 ce=0.1907 struct=0.0000 valF1=0.7922 135.7s
  [finetune] ep029 ce=0.1880 struct=0.0000 valF1=0.7969 132.8s
  [finetune] ep030 ce=0.1875 struct=0.0000 valF1=0.7978 132.8s
  [finetune] ep031 ce=0.1868 struct=0.0000 valF1=0.8010 139.9s
  [finetune] ep032 ce=0.1860 struct=0.0000 valF1=0.8000 140.6s
  [finetune] ep033 ce=0.1870 struct=0.0000 valF1=0.8007 137.0s
  [finetune] ep034 ce=0.1858 struct=0.0000 valF1=0.7996 138.0s
C2_seed3: best val macro F1 = 0.8010 at epoch 41 (epoch_cap), 5172.9s
=== DONE C2 seed3 05:24:58 ===
=== START C3 seed3 05:24:58 ===
  [warmup] ep001 ce=2.3126 struct=0.0000 valF1=0.4487 80.4s
  [warmup] ep002 ce=1.7905 struct=0.0000 valF1=0.5289 57.9s
  [warmup] ep003 ce=1.6248 struct=0.0000 valF1=0.5487 59.4s
  [warmup] ep004 ce=1.5440 struct=0.0000 valF1=0.5737 59.0s
  [warmup] ep005 ce=1.4815 struct=0.0000 valF1=0.5835 65.1s
  [warmup] ep006 ce=1.4509 struct=0.0000 valF1=0.6198 87.9s
  [warmup] ep007 ce=1.4044 struct=0.0000 valF1=0.6161 85.0s
  [warmup] ep008 ce=1.3825 struct=0.0000 valF1=0.5979 60.7s
  [warmup] ep009 ce=1.3436 struct=0.0000 valF1=0.6208 59.5s
  [warmup] ep010 ce=1.3338 struct=0.0000 valF1=0.6122 61.8s
  [finetune] ep001 ce=1.2370 struct=0.0000 valF1=0.7490 137.5s
  [finetune] ep002 ce=0.9450 struct=0.0000 valF1=0.7435 126.5s
  [finetune] ep003 ce=0.7758 struct=0.0000 valF1=0.7699 128.1s
  [finetune] ep004 ce=0.6734 struct=0.0000 valF1=0.7341 127.6s
  [finetune] ep005 ce=0.6219 struct=0.0000 valF1=0.7657 125.6s
  [finetune] ep006 ce=0.5964 struct=0.0000 valF1=0.7720 126.5s
  [finetune] ep007 ce=0.5716 struct=0.0000 valF1=0.7646 128.4s
  [finetune] ep008 ce=0.5623 struct=0.0000 valF1=0.7699 125.6s
  [finetune] ep009 ce=0.5500 struct=0.0000 valF1=0.7806 129.7s
  [finetune] ep010 ce=0.5450 struct=0.0000 valF1=0.7732 128.5s
  [finetune] ep011 ce=0.5364 struct=0.0000 valF1=0.7831 129.0s
  [finetune] ep012 ce=0.5290 struct=0.0000 valF1=0.7906 127.5s
  [finetune] ep013 ce=0.5288 struct=0.0000 valF1=0.7890 123.4s
  [finetune] ep014 ce=0.5189 struct=0.0000 valF1=0.7927 123.0s
  [finetune] ep015 ce=0.5165 struct=0.0000 valF1=0.7904 123.2s
  [finetune] ep016 ce=0.5154 struct=0.0000 valF1=0.7898 124.6s
  [finetune] ep017 ce=0.5107 struct=0.0000 valF1=0.7913 119.7s
  [finetune] ep018 ce=0.5069 struct=0.0000 valF1=0.7955 119.8s
  [finetune] ep019 ce=0.5106 struct=0.0000 valF1=0.7915 120.7s
  [finetune] ep020 ce=0.5066 struct=0.0000 valF1=0.7912 120.0s
  [finetune] ep021 ce=0.5042 struct=0.0000 valF1=0.8029 120.2s
  [finetune] ep022 ce=0.5041 struct=0.0000 valF1=0.7962 119.9s
  [finetune] ep023 ce=0.5002 struct=0.0000 valF1=0.7899 125.3s
  [finetune] ep024 ce=0.4998 struct=0.0000 valF1=0.7938 129.9s
  [finetune] ep025 ce=0.4991 struct=0.0000 valF1=0.7949 129.9s
  [finetune] ep026 ce=0.4969 struct=0.0000 valF1=0.7980 125.1s
  [finetune] ep027 ce=0.4968 struct=0.0000 valF1=0.8009 126.7s
  [finetune] ep028 ce=0.4954 struct=0.0000 valF1=0.8002 127.1s
  [finetune] ep029 ce=0.4941 struct=0.0000 valF1=0.7973 128.9s
  [finetune] ep030 ce=0.4947 struct=0.0000 valF1=0.7998 128.0s
  [finetune] ep031 ce=0.4947 struct=0.0000 valF1=0.8019 124.8s
  [finetune] early stop at ep31
C3_seed3: best val macro F1 = 0.8029 at epoch 31 (early_stopping), 4583.0s
=== DONE C3 seed3 06:41:35 ===
=== START C4 seed3 06:41:35 ===
C:\Users\DFIT\Downloads\Final defence\src\models\phase4_train.py:249: UserWarning: Converting a tensor with requires_grad=True to a scalar may lead to unexpected behavior.
Consider using tensor.detach() first. (Triggered internally at C:\actions-runner\_work\pytorch\pytorch\torch\csrc\autograd\generated\python_variable_methods.cpp:839.)
  tot_s += float(l_st) * t.size(0)
  [warmup] ep001 ce=2.1825 struct=0.3673 valF1=0.4579 84.2s
  [warmup] ep002 ce=1.5776 struct=0.2787 valF1=0.5300 56.4s
  [warmup] ep003 ce=1.3771 struct=0.2443 valF1=0.5611 58.8s
  [warmup] ep004 ce=1.2859 struct=0.2252 valF1=0.5782 59.2s
  [warmup] ep005 ce=1.2115 struct=0.2106 valF1=0.5857 56.8s
  [warmup] ep006 ce=1.1764 struct=0.2036 valF1=0.6235 56.7s
  [warmup] ep007 ce=1.1202 struct=0.1939 valF1=0.6183 56.7s
  [warmup] ep008 ce=1.0967 struct=0.1891 valF1=0.6089 56.7s
  [warmup] ep009 ce=1.0556 struct=0.1814 valF1=0.6208 56.8s
  [warmup] ep010 ce=1.0421 struct=0.1788 valF1=0.6074 56.8s
  [finetune] ep001 ce=0.9238 struct=0.1342 valF1=0.7397 134.4s
  [finetune] ep002 ce=0.6287 struct=0.0875 valF1=0.7507 126.5s
  [finetune] ep003 ce=0.4726 struct=0.0668 valF1=0.7440 125.2s
  [finetune] ep004 ce=0.3874 struct=0.0561 valF1=0.7389 127.9s
  [finetune] ep005 ce=0.3512 struct=0.0515 valF1=0.7607 125.7s
  [finetune] ep006 ce=0.3219 struct=0.0490 valF1=0.7521 125.1s
  [finetune] ep007 ce=0.3030 struct=0.0466 valF1=0.7591 125.4s
  [finetune] ep008 ce=0.2925 struct=0.0457 valF1=0.7602 125.5s
  [finetune] ep009 ce=0.2881 struct=0.0457 valF1=0.7698 125.6s
  [finetune] ep010 ce=0.2695 struct=0.0434 valF1=0.7805 125.5s
  [finetune] ep011 ce=0.2651 struct=0.0433 valF1=0.7818 125.3s
  [finetune] ep012 ce=0.2560 struct=0.0433 valF1=0.7710 125.3s
  [finetune] ep013 ce=0.2542 struct=0.0423 valF1=0.7937 124.8s
  [finetune] ep014 ce=0.2438 struct=0.0422 valF1=0.7765 125.2s
  [finetune] ep015 ce=0.2419 struct=0.0412 valF1=0.7815 125.9s
  [finetune] ep016 ce=0.2361 struct=0.0411 valF1=0.7882 128.3s
  [finetune] ep017 ce=0.2320 struct=0.0411 valF1=0.7843 125.3s
  [finetune] ep018 ce=0.2258 struct=0.0400 valF1=0.7904 123.0s
  [finetune] ep019 ce=0.2236 struct=0.0402 valF1=0.7916 125.8s
  [finetune] ep020 ce=0.2163 struct=0.0396 valF1=0.7892 124.7s
  [finetune] ep021 ce=0.2130 struct=0.0391 valF1=0.7847 131.1s
  [finetune] ep022 ce=0.2087 struct=0.0396 valF1=0.7856 125.1s
  [finetune] ep023 ce=0.2061 struct=0.0389 valF1=0.7868 125.2s
  [finetune] early stop at ep23
C4_seed3: best val macro F1 = 0.7937 at epoch 23 (early_stopping), 3505.7s
=== DONE C4 seed3 07:40:42 ===
=== ALL RUNS FINISHED 07:40:42 ===
